stm32f7xx_hal_msp.c:64:6:HAL_MspInit	8	static
stm32f7xx_hal_msp.c:88:6:HAL_ADC_MspInit	8	static
stm32f7xx_hal_msp.c:110:6:HAL_ADC_MspDeInit	0	static
stm32f7xx_hal_msp.c:132:6:HAL_CRC_MspInit	8	static
stm32f7xx_hal_msp.c:154:6:HAL_CRC_MspDeInit	0	static
stm32f7xx_hal_msp.c:176:6:HAL_DMA2D_MspInit	16	static
stm32f7xx_hal_msp.c:201:6:HAL_DMA2D_MspDeInit	0	static
stm32f7xx_hal_msp.c:226:6:HAL_LTDC_MspInit	192	static
stm32f7xx_hal_msp.c:342:6:HAL_LTDC_MspDeInit	8	static
stm32f7xx_hal_msp.c:411:6:HAL_UART_MspInit	192	static
stm32f7xx_hal_msp.c:465:6:HAL_UART_MspDeInit	8	static
stm32f7xx_hal_msp.c:598:6:HAL_SDRAM_MspInit	48	static
stm32f7xx_hal_msp.c:684:6:HAL_SDRAM_MspDeInit	8	static
